[debug] [2026-06-16T09:40:14.065Z] ----------------------------------------------------------------------
[debug] [2026-06-16T09:40:14.068Z] Command:       C:\Program Files\nodejs\node.exe C:\Users\ermi0\AppData\Roaming\npm\node_modules\firebase-tools\lib\bin\firebase.js init
[debug] [2026-06-16T09:40:14.069Z] CLI Version:   15.20.0
[debug] [2026-06-16T09:40:14.069Z] Platform:      win32
[debug] [2026-06-16T09:40:14.069Z] Node Version:  v24.13.0
[debug] [2026-06-16T09:40:14.069Z] Time:          Tue Jun 16 2026 12:40:14 GMT+0300 (East Africa Time)
[debug] [2026-06-16T09:40:14.069Z] ----------------------------------------------------------------------
[debug] 
[info] 
     ######## #### ########  ######## ########     ###     ######  ########
     ##        ##  ##     ## ##       ##     ##  ##   ##  ##       ##
     ######    ##  ########  ######   ########  #########  ######  ######
     ##        ##  ##    ##  ##       ##     ## ##     ##       ## ##
     ##       #### ##     ## ######## ########  ##     ##  ######  ########

You're about to initialize a Firebase project in this directory:

  C:\Users\ermi0\flutter projects\apps

[debug] [2026-06-16T09:45:43.263Z] ExitPromptError: User force closed the prompt with SIGINT
    at Interface.sigint (C:\Users\ermi0\AppData\Roaming\npm\node_modules\firebase-tools\node_modules\@inquirer\core\dist\commonjs\lib\create-prompt.js:101:37)
    at Interface.emit (node:events:508:28)
    at [_ttyWrite] [as _ttyWrite] (node:internal/readline/interface:1327:18)
    at ReadStream.onkeypress (node:internal/readline/interface:284:20)
    at ReadStream.emit (node:events:520:35)
    at emitKeys (node:internal/readline/utils:371:14)
    at emitKeys.next (<anonymous>)
    at ReadStream.onData (node:internal/readline/emitKeypressEvents:64:36)
    at ReadStream.emit (node:events:508:28)
    at addChunk (node:internal/streams/readable:559:12)
[error] 
[error] Error: An unexpected error has occurred.
